// Jest Snapshot v1, https://goo.gl/fbAQLP

exports[`should render LoadingPage correctly 1`] = `
<div
  className="not-found-page page"
>
  404! - 
  <Link
    to="/"
  >
    Go home
  </Link>
</div>
`;
